INFO:     127.0.0.1:63585 - "GET /openapi.json HTTP/1.1" 200 OK
INFO:     127.0.0.1:63614 - "POST /api/sample_by_excel HTTP/1.1" 422 Unprocessable Content
INFO:     127.0.0.1:63623 - "POST /api/sample_by_excel HTTP/1.1" 422 Unprocessable Content
2026-08-26 11:55:40,882 INFO sqlalchemy.engine.Engine select pg_catalog.version()
2026-08-26 11:55:40,897 INFO sqlalchemy.engine.Engine [raw sql] ()
2026-08-26 11:55:40,921 INFO sqlalchemy.engine.Engine select current_schema()
2026-08-26 11:55:40,947 INFO sqlalchemy.engine.Engine [raw sql] ()
2026-08-26 11:55:40,970 INFO sqlalchemy.engine.Engine show standard_conforming_strings
2026-08-26 11:55:40,997 INFO sqlalchemy.engine.Engine [raw sql] ()
2026-08-26 11:55:41,021 INFO sqlalchemy.engine.Engine BEGIN (implicit)
2026-08-26 11:55:41,022 INFO sqlalchemy.engine.Engine SELECT cbfbm, cbfmc, lxdh FROM cbf WHERE cbfbm::text LIKE $1
2026-08-26 11:55:41,023 INFO sqlalchemy.engine.Engine [generated in 0.00051s] ('341124100200000%',)
2026-08-26 11:55:41,030 INFO sqlalchemy.engine.Engine SELECT cbfbm, cbfmc, lxdh FROM cbf WHERE cbfbm::text LIKE $1
2026-08-26 11:55:41,030 INFO sqlalchemy.engine.Engine [cached since 0.00846s ago] ('341124100201000%',)
2026-08-26 11:55:47,475 INFO sqlalchemy.engine.Engine ROLLBACK
INFO:     127.0.0.1:63631 - "POST /api/sample_by_excel HTTP/1.1" 200 OK
2026-08-26 11:57:29,087 INFO sqlalchemy.engine.Engine BEGIN (implicit)
2026-08-26 11:57:29,092 INFO sqlalchemy.engine.Engine SELECT qsdwdm, qsdwmc FROM qsdwdmb ORDER BY qsdwdm
2026-08-26 11:57:29,093 INFO sqlalchemy.engine.Engine [generated in 0.00087s] ()
2026-08-26 11:57:29,148 INFO sqlalchemy.engine.Engine ROLLBACK
INFO:     127.0.0.1:63718 - "GET /api/hierarchy HTTP/1.1" 200 OK
2026-08-26 12:00:43,238 INFO sqlalchemy.engine.Engine BEGIN (implicit)
2026-08-26 12:00:43,239 INFO sqlalchemy.engine.Engine SELECT cbfbm, cbfmc, lxdh FROM cbf WHERE cbfbm::text LIKE $1
2026-08-26 12:00:43,239 INFO sqlalchemy.engine.Engine [cached since 302.2s ago] ('34112410020403%',)
2026-08-26 12:00:43,242 INFO sqlalchemy.engine.Engine 
                        SELECT b.dkbm, a.dkmc, b.htmjm 
                        FROM cbdkxx b
                        LEFT JOIN dkxx_shp_attrs a ON a.dkbm = b.dkbm
                        WHERE b.cbfbm::text = $1
                    
2026-08-26 12:00:43,243 INFO sqlalchemy.engine.Engine [generated in 0.00072s] ('341124100204030043',)
2026-08-26 12:00:43,262 INFO sqlalchemy.engine.Engine 
                        SELECT b.dkbm, a.dkmc, b.htmjm 
                        FROM cbdkxx b
                        LEFT JOIN dkxx_shp_attrs a ON a.dkbm = b.dkbm
                        WHERE b.cbfbm::text = $1
                    
2026-08-26 12:00:43,272 INFO sqlalchemy.engine.Engine [cached since 0.02954s ago] ('341124100204030033',)
2026-08-26 12:00:43,281 INFO sqlalchemy.engine.Engine 
                        SELECT b.dkbm, a.dkmc, b.htmjm 
                        FROM cbdkxx b
                        LEFT JOIN dkxx_shp_attrs a ON a.dkbm = b.dkbm
                        WHERE b.cbfbm::text = $1
                    
2026-08-26 12:00:43,282 INFO sqlalchemy.engine.Engine [cached since 0.03937s ago] ('341124100204030031',)
2026-08-26 12:00:43,291 INFO sqlalchemy.engine.Engine 
                        SELECT b.dkbm, a.dkmc, b.htmjm 
                        FROM cbdkxx b
                        LEFT JOIN dkxx_shp_attrs a ON a.dkbm = b.dkbm
                        WHERE b.cbfbm::text = $1
                    
2026-08-26 12:00:43,297 INFO sqlalchemy.engine.Engine [cached since 0.05458s ago] ('341124100204030003',)
2026-08-26 12:00:43,305 INFO sqlalchemy.engine.Engine 
                        SELECT b.dkbm, a.dkmc, b.htmjm 
                        FROM cbdkxx b
                        LEFT JOIN dkxx_shp_attrs a ON a.dkbm = b.dkbm
                        WHERE b.cbfbm::text = $1
                    
2026-08-26 12:00:43,306 INFO sqlalchemy.engine.Engine [cached since 0.06379s ago] ('341124100204030005',)
2026-08-26 12:00:43,316 INFO sqlalchemy.engine.Engine SELECT cbfbm, cbfmc, lxdh FROM cbf WHERE cbfbm::text LIKE $1
2026-08-26 12:00:43,331 INFO sqlalchemy.engine.Engine [cached since 302.3s ago] ('34112410020403%',)
2026-08-26 12:00:43,333 INFO sqlalchemy.engine.Engine 
                        SELECT b.dkbm, a.dkmc, b.htmjm 
                        FROM cbdkxx b
                        LEFT JOIN dkxx_shp_attrs a ON a.dkbm = b.dkbm
                        WHERE b.cbfbm::text = $1
                    
2026-08-26 12:00:43,334 INFO sqlalchemy.engine.Engine [cached since 0.09126s ago] ('341124100204030004',)
2026-08-26 12:00:43,343 INFO sqlalchemy.engine.Engine 
                        SELECT b.dkbm, a.dkmc, b.htmjm 
                        FROM cbdkxx b
                        LEFT JOIN dkxx_shp_attrs a ON a.dkbm = b.dkbm
                        WHERE b.cbfbm::text = $1
                    
2026-08-26 12:00:43,348 INFO sqlalchemy.engine.Engine [cached since 0.1061s ago] ('341124100204030057',)
2026-08-26 12:00:43,358 INFO sqlalchemy.engine.Engine 
                        SELECT b.dkbm, a.dkmc, b.htmjm 
                        FROM cbdkxx b
                        LEFT JOIN dkxx_shp_attrs a ON a.dkbm = b.dkbm
                        WHERE b.cbfbm::text = $1
                    
2026-08-26 12:00:43,380 INFO sqlalchemy.engine.Engine [cached since 0.1379s ago] ('341124100204030006',)
2026-08-26 12:00:48,515 INFO sqlalchemy.engine.Engine ROLLBACK
INFO:     127.0.0.1:63797 - "POST /api/sample_by_excel HTTP/1.1" 200 OK
INFO:     127.0.0.1:63801 - "GET /api/download?file=downloads/%E9%99%84%E4%BB%B68_%E5%A4%96%E4%B8%9A%E6%A0%B8%E6%9F%A5%E8%AE%B0%E5%BD%95%E8%A1%A8_%E8%A5%84%E6%B2%B3%E9%95%87%E6%B5%8B%E8%AF%95%E6%9D%91%E7%AC%AC%E4%B8%80%E7%BB%84.doc HTTP/1.1" 200 OK
INFO:     127.0.0.1:63818 - "GET /api/download?file=downloads/%E9%99%84%E4%BB%B65_%E6%8A%BD%E6%A0%B7%E7%BB%9F%E8%AE%A1%E8%A1%A8_%E8%A5%84%E6%B2%B3%E9%95%87.doc HTTP/1.1" 200 OK
INFO:     127.0.0.1:64280 - "GET /api/generate_att4?township_name=%E8%A5%84%E6%B2%B3%E9%95%87 HTTP/1.1" 200 OK
INFO:     127.0.0.1:64286 - "GET /api/download?file=downloads/%E9%99%84%E4%BB%B64_%E6%88%90%E6%9E%9C%E6%A3%80%E6%9F%A5%E9%AA%8C%E6%94%B6%E7%94%B3%E8%AF%B7%E8%A1%A8_%E8%A5%84%E6%B2%B3%E9%95%87.doc HTTP/1.1" 200 OK
2026-08-26 12:20:00,623 INFO sqlalchemy.engine.Engine BEGIN (implicit)
2026-08-26 12:20:00,623 INFO sqlalchemy.engine.Engine SELECT qsdwdm, qsdwmc FROM qsdwdmb ORDER BY qsdwdm
2026-08-26 12:20:00,624 INFO sqlalchemy.engine.Engine [cached since 1356s ago] ()
2026-08-26 12:20:00,634 INFO sqlalchemy.engine.Engine ROLLBACK
INFO:     127.0.0.1:64332 - "GET /api/hierarchy HTTP/1.1" 200 OK
INFO:     127.0.0.1:64346 - "GET /api/generate_att4?township_name=%E8%A5%84%E6%B2%B3%E9%95%87 HTTP/1.1" 200 OK
INFO:     127.0.0.1:64351 - "GET /api/download?file=downloads/%E9%99%84%E4%BB%B64_%E6%88%90%E6%9E%9C%E6%A3%80%E6%9F%A5%E9%AA%8C%E6%94%B6%E7%94%B3%E8%AF%B7%E8%A1%A8_%E8%A5%84%E6%B2%B3%E9%95%87.doc HTTP/1.1" 200 OK
2026-08-26 12:21:05,662 INFO sqlalchemy.engine.Engine BEGIN (implicit)
2026-08-26 12:21:05,663 INFO sqlalchemy.engine.Engine SELECT qsdwdm, qsdwmc FROM qsdwdmb ORDER BY qsdwdm
2026-08-26 12:21:05,663 INFO sqlalchemy.engine.Engine [cached since 1421s ago] ()
2026-08-26 12:21:05,669 INFO sqlalchemy.engine.Engine ROLLBACK
INFO:     127.0.0.1:64379 - "GET /api/villages HTTP/1.1" 500 Internal Server Error
INFO:     127.0.0.1:51698 - "POST /api/save_neiye HTTP/1.1" 404 Not Found
INFO:     127.0.0.1:51699 - "GET /api/get_neiye?qsdwdm=341124 HTTP/1.1" 404 Not Found
